// Jest Snapshot v1, https://goo.gl/fbAQLP

exports[`CustomerSDK - events sending should not send too big file 1`] = `"The file is too big (max size is 10.00 MB)."`;
